// Jest Snapshot v1, https://goo.gl/fbAQLP

exports[`<Arrow /> It should render 1`] = `
Object {
  "asFragment": [Function],
  "baseElement": <body>
    <div>
      <button
        class="arrowButton left"
        data-testid="button-left"
      >
        <svg
          fill="none"
          fill-rule="evenodd"
          height="15px"
          stroke="currentColor"
          stroke-linecap="round"
          stroke-linejoin="round"
          viewBox="0 0 8 5"
          width="40px"
        >
          <polyline
            points="1 1 3.77984472 4 6.53846154 1"
          />
        </svg>
      </button>
    </div>
  </body>,
  "container": <div>
    <button
      class="arrowButton left"
      data-testid="button-left"
    >
      <svg
        fill="none"
        fill-rule="evenodd"
        height="15px"
        stroke="currentColor"
        stroke-linecap="round"
        stroke-linejoin="round"
        viewBox="0 0 8 5"
        width="40px"
      >
        <polyline
          points="1 1 3.77984472 4 6.53846154 1"
        />
      </svg>
    </button>
  </div>,
  "debug": [Function],
  "findAllByAltText": [Function],
  "findAllByDisplayValue": [Function],
  "findAllByLabelText": [Function],
  "findAllByPlaceholderText": [Function],
  "findAllByRole": [Function],
  "findAllByTestId": [Function],
  "findAllByText": [Function],
  "findAllByTitle": [Function],
  "findByAltText": [Function],
  "findByDisplayValue": [Function],
  "findByLabelText": [Function],
  "findByPlaceholderText": [Function],
  "findByRole": [Function],
  "findByTestId": [Function],
  "findByText": [Function],
  "findByTitle": [Function],
  "getAllByAltText": [Function],
  "getAllByDisplayValue": [Function],
  "getAllByLabelText": [Function],
  "getAllByPlaceholderText": [Function],
  "getAllByRole": [Function],
  "getAllByTestId": [Function],
  "getAllByText": [Function],
  "getAllByTitle": [Function],
  "getByAltText": [Function],
  "getByDisplayValue": [Function],
  "getByLabelText": [Function],
  "getByPlaceholderText": [Function],
  "getByRole": [Function],
  "getByTestId": [Function],
  "getByText": [Function],
  "getByTitle": [Function],
  "queryAllByAltText": [Function],
  "queryAllByDisplayValue": [Function],
  "queryAllByLabelText": [Function],
  "queryAllByPlaceholderText": [Function],
  "queryAllByRole": [Function],
  "queryAllByTestId": [Function],
  "queryAllByText": [Function],
  "queryAllByTitle": [Function],
  "queryByAltText": [Function],
  "queryByDisplayValue": [Function],
  "queryByLabelText": [Function],
  "queryByPlaceholderText": [Function],
  "queryByRole": [Function],
  "queryByTestId": [Function],
  "queryByText": [Function],
  "queryByTitle": [Function],
  "rerender": [Function],
  "unmount": [Function],
}
`;
